[2025-10-19T10:20:39.893+0000] {processor.py:161} INFO - Started process (PID=166) to work on /opt/airflow/dags/weather_etl_dag.py
[2025-10-19T10:20:39.894+0000] {processor.py:830} INFO - Processing file /opt/airflow/dags/weather_etl_dag.py for tasks to queue
[2025-10-19T10:20:39.896+0000] {logging_mixin.py:188} INFO - [2025-10-19T10:20:39.895+0000] {dagbag.py:545} INFO - Filling up the DagBag from /opt/airflow/dags/weather_etl_dag.py
[2025-10-19T10:20:39.909+0000] {processor.py:840} INFO - DAG(s) 'weather_etl_dag' retrieved from /opt/airflow/dags/weather_etl_dag.py
[2025-10-19T10:20:39.927+0000] {logging_mixin.py:188} INFO - [2025-10-19T10:20:39.926+0000] {dag.py:3089} INFO - Sync 1 DAGs
[2025-10-19T10:20:39.945+0000] {logging_mixin.py:188} INFO - [2025-10-19T10:20:39.944+0000] {dag.py:3947} INFO - Setting next_dagrun for weather_etl_dag to 2025-10-18 00:00:00+00:00, run_after=2025-10-19 00:00:00+00:00
[2025-10-19T10:20:39.953+0000] {processor.py:183} INFO - Processing /opt/airflow/dags/weather_etl_dag.py took 0.067 seconds
[2025-10-19T10:21:10.151+0000] {processor.py:161} INFO - Started process (PID=201) to work on /opt/airflow/dags/weather_etl_dag.py
[2025-10-19T10:21:10.153+0000] {processor.py:830} INFO - Processing file /opt/airflow/dags/weather_etl_dag.py for tasks to queue
[2025-10-19T10:21:10.155+0000] {logging_mixin.py:188} INFO - [2025-10-19T10:21:10.155+0000] {dagbag.py:545} INFO - Filling up the DagBag from /opt/airflow/dags/weather_etl_dag.py
[2025-10-19T10:21:10.174+0000] {processor.py:840} INFO - DAG(s) 'weather_etl_dag' retrieved from /opt/airflow/dags/weather_etl_dag.py
[2025-10-19T10:21:10.255+0000] {logging_mixin.py:188} INFO - [2025-10-19T10:21:10.255+0000] {dag.py:3089} INFO - Sync 1 DAGs
[2025-10-19T10:21:10.265+0000] {logging_mixin.py:188} INFO - [2025-10-19T10:21:10.265+0000] {dag.py:3947} INFO - Setting next_dagrun for weather_etl_dag to 2025-10-18 00:00:00+00:00, run_after=2025-10-19 00:00:00+00:00
[2025-10-19T10:21:10.274+0000] {processor.py:183} INFO - Processing /opt/airflow/dags/weather_etl_dag.py took 0.137 seconds
[2025-10-19T10:21:40.416+0000] {processor.py:161} INFO - Started process (PID=218) to work on /opt/airflow/dags/weather_etl_dag.py
[2025-10-19T10:21:40.417+0000] {processor.py:830} INFO - Processing file /opt/airflow/dags/weather_etl_dag.py for tasks to queue
[2025-10-19T10:21:40.420+0000] {logging_mixin.py:188} INFO - [2025-10-19T10:21:40.419+0000] {dagbag.py:545} INFO - Filling up the DagBag from /opt/airflow/dags/weather_etl_dag.py
[2025-10-19T10:21:40.438+0000] {processor.py:840} INFO - DAG(s) 'weather_etl_dag' retrieved from /opt/airflow/dags/weather_etl_dag.py
[2025-10-19T10:21:40.470+0000] {logging_mixin.py:188} INFO - [2025-10-19T10:21:40.469+0000] {dag.py:3089} INFO - Sync 1 DAGs
[2025-10-19T10:21:40.483+0000] {logging_mixin.py:188} INFO - [2025-10-19T10:21:40.483+0000] {dag.py:3947} INFO - Setting next_dagrun for weather_etl_dag to 2025-10-19 00:00:00+00:00, run_after=2025-10-20 00:00:00+00:00
[2025-10-19T10:21:40.494+0000] {processor.py:183} INFO - Processing /opt/airflow/dags/weather_etl_dag.py took 0.089 seconds
[2025-10-19T10:22:10.780+0000] {processor.py:161} INFO - Started process (PID=223) to work on /opt/airflow/dags/weather_etl_dag.py
[2025-10-19T10:22:10.781+0000] {processor.py:830} INFO - Processing file /opt/airflow/dags/weather_etl_dag.py for tasks to queue
[2025-10-19T10:22:10.787+0000] {logging_mixin.py:188} INFO - [2025-10-19T10:22:10.786+0000] {dagbag.py:545} INFO - Filling up the DagBag from /opt/airflow/dags/weather_etl_dag.py
[2025-10-19T10:22:10.805+0000] {processor.py:840} INFO - DAG(s) 'weather_etl_dag' retrieved from /opt/airflow/dags/weather_etl_dag.py
[2025-10-19T10:22:10.830+0000] {logging_mixin.py:188} INFO - [2025-10-19T10:22:10.830+0000] {dag.py:3089} INFO - Sync 1 DAGs
[2025-10-19T10:22:10.849+0000] {logging_mixin.py:188} INFO - [2025-10-19T10:22:10.849+0000] {dag.py:3947} INFO - Setting next_dagrun for weather_etl_dag to 2025-10-19 00:00:00+00:00, run_after=2025-10-20 00:00:00+00:00
[2025-10-19T10:22:10.858+0000] {processor.py:183} INFO - Processing /opt/airflow/dags/weather_etl_dag.py took 0.086 seconds
[2025-10-19T10:22:41.025+0000] {processor.py:161} INFO - Started process (PID=228) to work on /opt/airflow/dags/weather_etl_dag.py
[2025-10-19T10:22:41.026+0000] {processor.py:830} INFO - Processing file /opt/airflow/dags/weather_etl_dag.py for tasks to queue
[2025-10-19T10:22:41.032+0000] {logging_mixin.py:188} INFO - [2025-10-19T10:22:41.031+0000] {dagbag.py:545} INFO - Filling up the DagBag from /opt/airflow/dags/weather_etl_dag.py
[2025-10-19T10:22:41.059+0000] {processor.py:840} INFO - DAG(s) 'weather_etl_dag' retrieved from /opt/airflow/dags/weather_etl_dag.py
[2025-10-19T10:22:41.107+0000] {logging_mixin.py:188} INFO - [2025-10-19T10:22:41.107+0000] {dag.py:3089} INFO - Sync 1 DAGs
[2025-10-19T10:22:41.125+0000] {logging_mixin.py:188} INFO - [2025-10-19T10:22:41.124+0000] {dag.py:3947} INFO - Setting next_dagrun for weather_etl_dag to 2025-10-19 00:00:00+00:00, run_after=2025-10-20 00:00:00+00:00
[2025-10-19T10:22:41.134+0000] {processor.py:183} INFO - Processing /opt/airflow/dags/weather_etl_dag.py took 0.123 seconds
[2025-10-19T10:23:11.369+0000] {processor.py:161} INFO - Started process (PID=240) to work on /opt/airflow/dags/weather_etl_dag.py
[2025-10-19T10:23:11.370+0000] {processor.py:830} INFO - Processing file /opt/airflow/dags/weather_etl_dag.py for tasks to queue
[2025-10-19T10:23:11.373+0000] {logging_mixin.py:188} INFO - [2025-10-19T10:23:11.372+0000] {dagbag.py:545} INFO - Filling up the DagBag from /opt/airflow/dags/weather_etl_dag.py
[2025-10-19T10:23:11.392+0000] {processor.py:840} INFO - DAG(s) 'weather_etl_dag' retrieved from /opt/airflow/dags/weather_etl_dag.py
[2025-10-19T10:23:11.427+0000] {logging_mixin.py:188} INFO - [2025-10-19T10:23:11.427+0000] {dag.py:3089} INFO - Sync 1 DAGs
[2025-10-19T10:23:11.441+0000] {logging_mixin.py:188} INFO - [2025-10-19T10:23:11.441+0000] {dag.py:3947} INFO - Setting next_dagrun for weather_etl_dag to 2025-10-19 00:00:00+00:00, run_after=2025-10-20 00:00:00+00:00
[2025-10-19T10:23:11.451+0000] {processor.py:183} INFO - Processing /opt/airflow/dags/weather_etl_dag.py took 0.095 seconds
[2025-10-19T10:23:41.673+0000] {processor.py:161} INFO - Started process (PID=245) to work on /opt/airflow/dags/weather_etl_dag.py
[2025-10-19T10:23:41.674+0000] {processor.py:830} INFO - Processing file /opt/airflow/dags/weather_etl_dag.py for tasks to queue
[2025-10-19T10:23:41.677+0000] {logging_mixin.py:188} INFO - [2025-10-19T10:23:41.676+0000] {dagbag.py:545} INFO - Filling up the DagBag from /opt/airflow/dags/weather_etl_dag.py
[2025-10-19T10:23:41.692+0000] {processor.py:840} INFO - DAG(s) 'weather_etl_dag' retrieved from /opt/airflow/dags/weather_etl_dag.py
[2025-10-19T10:23:41.719+0000] {logging_mixin.py:188} INFO - [2025-10-19T10:23:41.719+0000] {dag.py:3089} INFO - Sync 1 DAGs
[2025-10-19T10:23:41.733+0000] {logging_mixin.py:188} INFO - [2025-10-19T10:23:41.733+0000] {dag.py:3947} INFO - Setting next_dagrun for weather_etl_dag to 2025-10-19 00:00:00+00:00, run_after=2025-10-20 00:00:00+00:00
[2025-10-19T10:23:41.743+0000] {processor.py:183} INFO - Processing /opt/airflow/dags/weather_etl_dag.py took 0.078 seconds
[2025-10-19T10:24:12.036+0000] {processor.py:161} INFO - Started process (PID=260) to work on /opt/airflow/dags/weather_etl_dag.py
[2025-10-19T10:24:12.039+0000] {processor.py:830} INFO - Processing file /opt/airflow/dags/weather_etl_dag.py for tasks to queue
[2025-10-19T10:24:12.044+0000] {logging_mixin.py:188} INFO - [2025-10-19T10:24:12.043+0000] {dagbag.py:545} INFO - Filling up the DagBag from /opt/airflow/dags/weather_etl_dag.py
[2025-10-19T10:24:12.060+0000] {processor.py:840} INFO - DAG(s) 'weather_etl_dag' retrieved from /opt/airflow/dags/weather_etl_dag.py
[2025-10-19T10:24:12.088+0000] {logging_mixin.py:188} INFO - [2025-10-19T10:24:12.088+0000] {dag.py:3089} INFO - Sync 1 DAGs
[2025-10-19T10:24:12.104+0000] {logging_mixin.py:188} INFO - [2025-10-19T10:24:12.104+0000] {dag.py:3947} INFO - Setting next_dagrun for weather_etl_dag to 2025-10-19 00:00:00+00:00, run_after=2025-10-20 00:00:00+00:00
[2025-10-19T10:24:12.113+0000] {processor.py:183} INFO - Processing /opt/airflow/dags/weather_etl_dag.py took 0.093 seconds
[2025-10-19T10:24:42.410+0000] {processor.py:161} INFO - Started process (PID=265) to work on /opt/airflow/dags/weather_etl_dag.py
[2025-10-19T10:24:42.411+0000] {processor.py:830} INFO - Processing file /opt/airflow/dags/weather_etl_dag.py for tasks to queue
[2025-10-19T10:24:42.413+0000] {logging_mixin.py:188} INFO - [2025-10-19T10:24:42.412+0000] {dagbag.py:545} INFO - Filling up the DagBag from /opt/airflow/dags/weather_etl_dag.py
[2025-10-19T10:24:42.429+0000] {processor.py:840} INFO - DAG(s) 'weather_etl_dag' retrieved from /opt/airflow/dags/weather_etl_dag.py
[2025-10-19T10:24:42.472+0000] {logging_mixin.py:188} INFO - [2025-10-19T10:24:42.472+0000] {dag.py:3089} INFO - Sync 1 DAGs
[2025-10-19T10:24:42.493+0000] {logging_mixin.py:188} INFO - [2025-10-19T10:24:42.493+0000] {dag.py:3947} INFO - Setting next_dagrun for weather_etl_dag to 2025-10-19 00:00:00+00:00, run_after=2025-10-20 00:00:00+00:00
[2025-10-19T10:24:42.505+0000] {processor.py:183} INFO - Processing /opt/airflow/dags/weather_etl_dag.py took 0.103 seconds
[2025-10-19T10:25:12.676+0000] {processor.py:161} INFO - Started process (PID=270) to work on /opt/airflow/dags/weather_etl_dag.py
[2025-10-19T10:25:12.677+0000] {processor.py:830} INFO - Processing file /opt/airflow/dags/weather_etl_dag.py for tasks to queue
[2025-10-19T10:25:12.680+0000] {logging_mixin.py:188} INFO - [2025-10-19T10:25:12.679+0000] {dagbag.py:545} INFO - Filling up the DagBag from /opt/airflow/dags/weather_etl_dag.py
[2025-10-19T10:25:12.694+0000] {processor.py:840} INFO - DAG(s) 'weather_etl_dag' retrieved from /opt/airflow/dags/weather_etl_dag.py
[2025-10-19T10:25:12.731+0000] {logging_mixin.py:188} INFO - [2025-10-19T10:25:12.731+0000] {dag.py:3089} INFO - Sync 1 DAGs
[2025-10-19T10:25:12.745+0000] {logging_mixin.py:188} INFO - [2025-10-19T10:25:12.745+0000] {dag.py:3947} INFO - Setting next_dagrun for weather_etl_dag to 2025-10-19 00:00:00+00:00, run_after=2025-10-20 00:00:00+00:00
[2025-10-19T10:25:12.762+0000] {processor.py:183} INFO - Processing /opt/airflow/dags/weather_etl_dag.py took 0.093 seconds
[2025-10-19T10:25:43.081+0000] {processor.py:161} INFO - Started process (PID=275) to work on /opt/airflow/dags/weather_etl_dag.py
[2025-10-19T10:25:43.083+0000] {processor.py:830} INFO - Processing file /opt/airflow/dags/weather_etl_dag.py for tasks to queue
[2025-10-19T10:25:43.085+0000] {logging_mixin.py:188} INFO - [2025-10-19T10:25:43.085+0000] {dagbag.py:545} INFO - Filling up the DagBag from /opt/airflow/dags/weather_etl_dag.py
[2025-10-19T10:25:43.110+0000] {processor.py:840} INFO - DAG(s) 'weather_etl_dag' retrieved from /opt/airflow/dags/weather_etl_dag.py
[2025-10-19T10:25:43.148+0000] {logging_mixin.py:188} INFO - [2025-10-19T10:25:43.148+0000] {dag.py:3089} INFO - Sync 1 DAGs
[2025-10-19T10:25:43.162+0000] {logging_mixin.py:188} INFO - [2025-10-19T10:25:43.161+0000] {dag.py:3947} INFO - Setting next_dagrun for weather_etl_dag to 2025-10-19 00:00:00+00:00, run_after=2025-10-20 00:00:00+00:00
[2025-10-19T10:25:43.173+0000] {processor.py:183} INFO - Processing /opt/airflow/dags/weather_etl_dag.py took 0.101 seconds
[2025-10-19T10:27:10.444+0000] {processor.py:161} INFO - Started process (PID=220) to work on /opt/airflow/dags/weather_etl_dag.py
[2025-10-19T10:27:10.448+0000] {processor.py:830} INFO - Processing file /opt/airflow/dags/weather_etl_dag.py for tasks to queue
[2025-10-19T10:27:10.451+0000] {logging_mixin.py:188} INFO - [2025-10-19T10:27:10.451+0000] {dagbag.py:545} INFO - Filling up the DagBag from /opt/airflow/dags/weather_etl_dag.py
[2025-10-19T10:27:10.472+0000] {processor.py:840} INFO - DAG(s) 'weather_etl_dag' retrieved from /opt/airflow/dags/weather_etl_dag.py
[2025-10-19T10:27:10.495+0000] {logging_mixin.py:188} INFO - [2025-10-19T10:27:10.495+0000] {dag.py:3089} INFO - Sync 1 DAGs
[2025-10-19T10:27:10.509+0000] {logging_mixin.py:188} INFO - [2025-10-19T10:27:10.509+0000] {dag.py:3947} INFO - Setting next_dagrun for weather_etl_dag to 2025-10-19 00:00:00+00:00, run_after=2025-10-20 00:00:00+00:00
[2025-10-19T10:27:10.518+0000] {processor.py:183} INFO - Processing /opt/airflow/dags/weather_etl_dag.py took 0.086 seconds
[2025-10-19T10:27:40.729+0000] {processor.py:161} INFO - Started process (PID=244) to work on /opt/airflow/dags/weather_etl_dag.py
[2025-10-19T10:27:40.731+0000] {processor.py:830} INFO - Processing file /opt/airflow/dags/weather_etl_dag.py for tasks to queue
[2025-10-19T10:27:40.737+0000] {logging_mixin.py:188} INFO - [2025-10-19T10:27:40.737+0000] {dagbag.py:545} INFO - Filling up the DagBag from /opt/airflow/dags/weather_etl_dag.py
[2025-10-19T10:27:40.769+0000] {processor.py:840} INFO - DAG(s) 'weather_etl_dag' retrieved from /opt/airflow/dags/weather_etl_dag.py
[2025-10-19T10:27:40.850+0000] {logging_mixin.py:188} INFO - [2025-10-19T10:27:40.850+0000] {dag.py:3089} INFO - Sync 1 DAGs
[2025-10-19T10:27:40.860+0000] {logging_mixin.py:188} INFO - [2025-10-19T10:27:40.860+0000] {dag.py:3947} INFO - Setting next_dagrun for weather_etl_dag to 2025-10-19 00:00:00+00:00, run_after=2025-10-20 00:00:00+00:00
[2025-10-19T10:27:40.871+0000] {processor.py:183} INFO - Processing /opt/airflow/dags/weather_etl_dag.py took 0.152 seconds
[2025-10-19T10:28:11.106+0000] {processor.py:161} INFO - Started process (PID=249) to work on /opt/airflow/dags/weather_etl_dag.py
[2025-10-19T10:28:11.107+0000] {processor.py:830} INFO - Processing file /opt/airflow/dags/weather_etl_dag.py for tasks to queue
[2025-10-19T10:28:11.109+0000] {logging_mixin.py:188} INFO - [2025-10-19T10:28:11.108+0000] {dagbag.py:545} INFO - Filling up the DagBag from /opt/airflow/dags/weather_etl_dag.py
[2025-10-19T10:28:11.123+0000] {processor.py:840} INFO - DAG(s) 'weather_etl_dag' retrieved from /opt/airflow/dags/weather_etl_dag.py
[2025-10-19T10:28:11.154+0000] {logging_mixin.py:188} INFO - [2025-10-19T10:28:11.154+0000] {dag.py:3089} INFO - Sync 1 DAGs
[2025-10-19T10:28:11.168+0000] {logging_mixin.py:188} INFO - [2025-10-19T10:28:11.168+0000] {dag.py:3947} INFO - Setting next_dagrun for weather_etl_dag to 2025-10-19 00:00:00+00:00, run_after=2025-10-20 00:00:00+00:00
[2025-10-19T10:28:11.178+0000] {processor.py:183} INFO - Processing /opt/airflow/dags/weather_etl_dag.py took 0.084 seconds
[2025-10-19T10:28:41.437+0000] {processor.py:161} INFO - Started process (PID=254) to work on /opt/airflow/dags/weather_etl_dag.py
[2025-10-19T10:28:41.439+0000] {processor.py:830} INFO - Processing file /opt/airflow/dags/weather_etl_dag.py for tasks to queue
[2025-10-19T10:28:41.448+0000] {logging_mixin.py:188} INFO - [2025-10-19T10:28:41.447+0000] {dagbag.py:545} INFO - Filling up the DagBag from /opt/airflow/dags/weather_etl_dag.py
[2025-10-19T10:28:41.469+0000] {processor.py:840} INFO - DAG(s) 'weather_etl_dag' retrieved from /opt/airflow/dags/weather_etl_dag.py
[2025-10-19T10:28:41.501+0000] {logging_mixin.py:188} INFO - [2025-10-19T10:28:41.501+0000] {dag.py:3089} INFO - Sync 1 DAGs
[2025-10-19T10:28:41.515+0000] {logging_mixin.py:188} INFO - [2025-10-19T10:28:41.515+0000] {dag.py:3947} INFO - Setting next_dagrun for weather_etl_dag to 2025-10-19 00:00:00+00:00, run_after=2025-10-20 00:00:00+00:00
[2025-10-19T10:28:41.527+0000] {processor.py:183} INFO - Processing /opt/airflow/dags/weather_etl_dag.py took 0.098 seconds
[2025-10-19T10:29:11.836+0000] {processor.py:161} INFO - Started process (PID=259) to work on /opt/airflow/dags/weather_etl_dag.py
[2025-10-19T10:29:11.837+0000] {processor.py:830} INFO - Processing file /opt/airflow/dags/weather_etl_dag.py for tasks to queue
[2025-10-19T10:29:11.839+0000] {logging_mixin.py:188} INFO - [2025-10-19T10:29:11.839+0000] {dagbag.py:545} INFO - Filling up the DagBag from /opt/airflow/dags/weather_etl_dag.py
[2025-10-19T10:29:11.866+0000] {processor.py:840} INFO - DAG(s) 'weather_etl_dag' retrieved from /opt/airflow/dags/weather_etl_dag.py
[2025-10-19T10:29:11.899+0000] {logging_mixin.py:188} INFO - [2025-10-19T10:29:11.899+0000] {dag.py:3089} INFO - Sync 1 DAGs
[2025-10-19T10:29:11.914+0000] {logging_mixin.py:188} INFO - [2025-10-19T10:29:11.914+0000] {dag.py:3947} INFO - Setting next_dagrun for weather_etl_dag to 2025-10-19 00:00:00+00:00, run_after=2025-10-20 00:00:00+00:00
[2025-10-19T10:29:11.928+0000] {processor.py:183} INFO - Processing /opt/airflow/dags/weather_etl_dag.py took 0.110 seconds
[2025-10-19T10:29:42.125+0000] {processor.py:161} INFO - Started process (PID=264) to work on /opt/airflow/dags/weather_etl_dag.py
[2025-10-19T10:29:42.126+0000] {processor.py:830} INFO - Processing file /opt/airflow/dags/weather_etl_dag.py for tasks to queue
[2025-10-19T10:29:42.128+0000] {logging_mixin.py:188} INFO - [2025-10-19T10:29:42.128+0000] {dagbag.py:545} INFO - Filling up the DagBag from /opt/airflow/dags/weather_etl_dag.py
[2025-10-19T10:29:42.140+0000] {processor.py:840} INFO - DAG(s) 'weather_etl_dag' retrieved from /opt/airflow/dags/weather_etl_dag.py
[2025-10-19T10:29:42.167+0000] {logging_mixin.py:188} INFO - [2025-10-19T10:29:42.167+0000] {dag.py:3089} INFO - Sync 1 DAGs
[2025-10-19T10:29:42.191+0000] {logging_mixin.py:188} INFO - [2025-10-19T10:29:42.191+0000] {dag.py:3947} INFO - Setting next_dagrun for weather_etl_dag to 2025-10-19 00:00:00+00:00, run_after=2025-10-20 00:00:00+00:00
[2025-10-19T10:29:42.201+0000] {processor.py:183} INFO - Processing /opt/airflow/dags/weather_etl_dag.py took 0.084 seconds
[2025-10-19T10:30:12.429+0000] {processor.py:161} INFO - Started process (PID=269) to work on /opt/airflow/dags/weather_etl_dag.py
[2025-10-19T10:30:12.431+0000] {processor.py:830} INFO - Processing file /opt/airflow/dags/weather_etl_dag.py for tasks to queue
[2025-10-19T10:30:12.437+0000] {logging_mixin.py:188} INFO - [2025-10-19T10:30:12.436+0000] {dagbag.py:545} INFO - Filling up the DagBag from /opt/airflow/dags/weather_etl_dag.py
[2025-10-19T10:30:12.459+0000] {processor.py:840} INFO - DAG(s) 'weather_etl_dag' retrieved from /opt/airflow/dags/weather_etl_dag.py
[2025-10-19T10:30:12.488+0000] {logging_mixin.py:188} INFO - [2025-10-19T10:30:12.488+0000] {dag.py:3089} INFO - Sync 1 DAGs
[2025-10-19T10:30:12.506+0000] {logging_mixin.py:188} INFO - [2025-10-19T10:30:12.506+0000] {dag.py:3947} INFO - Setting next_dagrun for weather_etl_dag to 2025-10-19 00:00:00+00:00, run_after=2025-10-20 00:00:00+00:00
[2025-10-19T10:30:12.515+0000] {processor.py:183} INFO - Processing /opt/airflow/dags/weather_etl_dag.py took 0.094 seconds
[2025-10-19T10:30:42.750+0000] {processor.py:161} INFO - Started process (PID=274) to work on /opt/airflow/dags/weather_etl_dag.py
[2025-10-19T10:30:42.751+0000] {processor.py:830} INFO - Processing file /opt/airflow/dags/weather_etl_dag.py for tasks to queue
[2025-10-19T10:30:42.754+0000] {logging_mixin.py:188} INFO - [2025-10-19T10:30:42.753+0000] {dagbag.py:545} INFO - Filling up the DagBag from /opt/airflow/dags/weather_etl_dag.py
[2025-10-19T10:30:42.766+0000] {processor.py:840} INFO - DAG(s) 'weather_etl_dag' retrieved from /opt/airflow/dags/weather_etl_dag.py
[2025-10-19T10:30:42.799+0000] {logging_mixin.py:188} INFO - [2025-10-19T10:30:42.798+0000] {dag.py:3089} INFO - Sync 1 DAGs
[2025-10-19T10:30:42.822+0000] {logging_mixin.py:188} INFO - [2025-10-19T10:30:42.822+0000] {dag.py:3947} INFO - Setting next_dagrun for weather_etl_dag to 2025-10-19 00:00:00+00:00, run_after=2025-10-20 00:00:00+00:00
[2025-10-19T10:30:42.830+0000] {processor.py:183} INFO - Processing /opt/airflow/dags/weather_etl_dag.py took 0.087 seconds
[2025-10-19T10:31:13.090+0000] {processor.py:161} INFO - Started process (PID=279) to work on /opt/airflow/dags/weather_etl_dag.py
[2025-10-19T10:31:13.090+0000] {processor.py:830} INFO - Processing file /opt/airflow/dags/weather_etl_dag.py for tasks to queue
[2025-10-19T10:31:13.092+0000] {logging_mixin.py:188} INFO - [2025-10-19T10:31:13.092+0000] {dagbag.py:545} INFO - Filling up the DagBag from /opt/airflow/dags/weather_etl_dag.py
[2025-10-19T10:31:13.111+0000] {processor.py:840} INFO - DAG(s) 'weather_etl_dag' retrieved from /opt/airflow/dags/weather_etl_dag.py
[2025-10-19T10:31:13.137+0000] {logging_mixin.py:188} INFO - [2025-10-19T10:31:13.137+0000] {dag.py:3089} INFO - Sync 1 DAGs
[2025-10-19T10:31:13.154+0000] {logging_mixin.py:188} INFO - [2025-10-19T10:31:13.154+0000] {dag.py:3947} INFO - Setting next_dagrun for weather_etl_dag to 2025-10-19 00:00:00+00:00, run_after=2025-10-20 00:00:00+00:00
[2025-10-19T10:31:13.164+0000] {processor.py:183} INFO - Processing /opt/airflow/dags/weather_etl_dag.py took 0.090 seconds
[2025-10-19T10:31:43.533+0000] {processor.py:161} INFO - Started process (PID=284) to work on /opt/airflow/dags/weather_etl_dag.py
[2025-10-19T10:31:43.534+0000] {processor.py:830} INFO - Processing file /opt/airflow/dags/weather_etl_dag.py for tasks to queue
[2025-10-19T10:31:43.539+0000] {logging_mixin.py:188} INFO - [2025-10-19T10:31:43.537+0000] {dagbag.py:545} INFO - Filling up the DagBag from /opt/airflow/dags/weather_etl_dag.py
[2025-10-19T10:31:43.564+0000] {processor.py:840} INFO - DAG(s) 'weather_etl_dag' retrieved from /opt/airflow/dags/weather_etl_dag.py
[2025-10-19T10:31:43.602+0000] {logging_mixin.py:188} INFO - [2025-10-19T10:31:43.602+0000] {dag.py:3089} INFO - Sync 1 DAGs
[2025-10-19T10:31:43.623+0000] {logging_mixin.py:188} INFO - [2025-10-19T10:31:43.623+0000] {dag.py:3947} INFO - Setting next_dagrun for weather_etl_dag to 2025-10-19 00:00:00+00:00, run_after=2025-10-20 00:00:00+00:00
[2025-10-19T10:31:43.632+0000] {processor.py:183} INFO - Processing /opt/airflow/dags/weather_etl_dag.py took 0.116 seconds
[2025-10-19T10:32:13.887+0000] {processor.py:161} INFO - Started process (PID=289) to work on /opt/airflow/dags/weather_etl_dag.py
[2025-10-19T10:32:13.888+0000] {processor.py:830} INFO - Processing file /opt/airflow/dags/weather_etl_dag.py for tasks to queue
[2025-10-19T10:32:13.890+0000] {logging_mixin.py:188} INFO - [2025-10-19T10:32:13.890+0000] {dagbag.py:545} INFO - Filling up the DagBag from /opt/airflow/dags/weather_etl_dag.py
[2025-10-19T10:32:13.907+0000] {processor.py:840} INFO - DAG(s) 'weather_etl_dag' retrieved from /opt/airflow/dags/weather_etl_dag.py
[2025-10-19T10:32:13.940+0000] {logging_mixin.py:188} INFO - [2025-10-19T10:32:13.940+0000] {dag.py:3089} INFO - Sync 1 DAGs
[2025-10-19T10:32:13.961+0000] {logging_mixin.py:188} INFO - [2025-10-19T10:32:13.961+0000] {dag.py:3947} INFO - Setting next_dagrun for weather_etl_dag to 2025-10-19 00:00:00+00:00, run_after=2025-10-20 00:00:00+00:00
[2025-10-19T10:32:13.971+0000] {processor.py:183} INFO - Processing /opt/airflow/dags/weather_etl_dag.py took 0.095 seconds
[2025-10-19T10:32:44.160+0000] {processor.py:161} INFO - Started process (PID=294) to work on /opt/airflow/dags/weather_etl_dag.py
[2025-10-19T10:32:44.161+0000] {processor.py:830} INFO - Processing file /opt/airflow/dags/weather_etl_dag.py for tasks to queue
[2025-10-19T10:32:44.163+0000] {logging_mixin.py:188} INFO - [2025-10-19T10:32:44.163+0000] {dagbag.py:545} INFO - Filling up the DagBag from /opt/airflow/dags/weather_etl_dag.py
[2025-10-19T10:32:44.178+0000] {processor.py:840} INFO - DAG(s) 'weather_etl_dag' retrieved from /opt/airflow/dags/weather_etl_dag.py
[2025-10-19T10:32:44.212+0000] {logging_mixin.py:188} INFO - [2025-10-19T10:32:44.212+0000] {dag.py:3089} INFO - Sync 1 DAGs
[2025-10-19T10:32:44.229+0000] {logging_mixin.py:188} INFO - [2025-10-19T10:32:44.229+0000] {dag.py:3947} INFO - Setting next_dagrun for weather_etl_dag to 2025-10-19 00:00:00+00:00, run_after=2025-10-20 00:00:00+00:00
[2025-10-19T10:32:44.237+0000] {processor.py:183} INFO - Processing /opt/airflow/dags/weather_etl_dag.py took 0.088 seconds
[2025-10-19T10:33:14.772+0000] {processor.py:161} INFO - Started process (PID=299) to work on /opt/airflow/dags/weather_etl_dag.py
[2025-10-19T10:33:14.773+0000] {processor.py:830} INFO - Processing file /opt/airflow/dags/weather_etl_dag.py for tasks to queue
[2025-10-19T10:33:14.775+0000] {logging_mixin.py:188} INFO - [2025-10-19T10:33:14.775+0000] {dagbag.py:545} INFO - Filling up the DagBag from /opt/airflow/dags/weather_etl_dag.py
[2025-10-19T10:33:14.792+0000] {processor.py:840} INFO - DAG(s) 'weather_etl_dag' retrieved from /opt/airflow/dags/weather_etl_dag.py
[2025-10-19T10:33:14.830+0000] {logging_mixin.py:188} INFO - [2025-10-19T10:33:14.829+0000] {dag.py:3089} INFO - Sync 1 DAGs
[2025-10-19T10:33:14.846+0000] {logging_mixin.py:188} INFO - [2025-10-19T10:33:14.846+0000] {dag.py:3947} INFO - Setting next_dagrun for weather_etl_dag to 2025-10-19 00:00:00+00:00, run_after=2025-10-20 00:00:00+00:00
[2025-10-19T10:33:14.857+0000] {processor.py:183} INFO - Processing /opt/airflow/dags/weather_etl_dag.py took 0.094 seconds
[2025-10-19T10:59:00.276+0000] {processor.py:161} INFO - Started process (PID=304) to work on /opt/airflow/dags/weather_etl_dag.py
[2025-10-19T10:59:00.277+0000] {processor.py:830} INFO - Processing file /opt/airflow/dags/weather_etl_dag.py for tasks to queue
[2025-10-19T10:59:00.279+0000] {logging_mixin.py:188} INFO - [2025-10-19T10:59:00.279+0000] {dagbag.py:545} INFO - Filling up the DagBag from /opt/airflow/dags/weather_etl_dag.py
[2025-10-19T10:59:00.299+0000] {processor.py:840} INFO - DAG(s) 'weather_etl_dag' retrieved from /opt/airflow/dags/weather_etl_dag.py
[2025-10-19T10:59:00.332+0000] {logging_mixin.py:188} INFO - [2025-10-19T10:59:00.332+0000] {dag.py:3089} INFO - Sync 1 DAGs
[2025-10-19T10:59:00.355+0000] {logging_mixin.py:188} INFO - [2025-10-19T10:59:00.355+0000] {dag.py:3947} INFO - Setting next_dagrun for weather_etl_dag to 2025-10-19 00:00:00+00:00, run_after=2025-10-20 00:00:00+00:00
[2025-10-19T10:59:00.364+0000] {processor.py:183} INFO - Processing /opt/airflow/dags/weather_etl_dag.py took 0.095 seconds
[2025-10-19T10:59:30.556+0000] {processor.py:161} INFO - Started process (PID=309) to work on /opt/airflow/dags/weather_etl_dag.py
[2025-10-19T10:59:30.557+0000] {processor.py:830} INFO - Processing file /opt/airflow/dags/weather_etl_dag.py for tasks to queue
[2025-10-19T10:59:30.559+0000] {logging_mixin.py:188} INFO - [2025-10-19T10:59:30.559+0000] {dagbag.py:545} INFO - Filling up the DagBag from /opt/airflow/dags/weather_etl_dag.py
[2025-10-19T10:59:30.574+0000] {processor.py:840} INFO - DAG(s) 'weather_etl_dag' retrieved from /opt/airflow/dags/weather_etl_dag.py
[2025-10-19T10:59:30.614+0000] {logging_mixin.py:188} INFO - [2025-10-19T10:59:30.614+0000] {dag.py:3089} INFO - Sync 1 DAGs
[2025-10-19T10:59:30.634+0000] {logging_mixin.py:188} INFO - [2025-10-19T10:59:30.634+0000] {dag.py:3947} INFO - Setting next_dagrun for weather_etl_dag to 2025-10-19 00:00:00+00:00, run_after=2025-10-20 00:00:00+00:00
[2025-10-19T10:59:30.643+0000] {processor.py:183} INFO - Processing /opt/airflow/dags/weather_etl_dag.py took 0.097 seconds
[2025-10-19T11:00:00.892+0000] {processor.py:161} INFO - Started process (PID=314) to work on /opt/airflow/dags/weather_etl_dag.py
[2025-10-19T11:00:00.894+0000] {processor.py:830} INFO - Processing file /opt/airflow/dags/weather_etl_dag.py for tasks to queue
[2025-10-19T11:00:00.897+0000] {logging_mixin.py:188} INFO - [2025-10-19T11:00:00.896+0000] {dagbag.py:545} INFO - Filling up the DagBag from /opt/airflow/dags/weather_etl_dag.py
[2025-10-19T11:00:00.911+0000] {processor.py:840} INFO - DAG(s) 'weather_etl_dag' retrieved from /opt/airflow/dags/weather_etl_dag.py
[2025-10-19T11:00:00.934+0000] {logging_mixin.py:188} INFO - [2025-10-19T11:00:00.934+0000] {dag.py:3089} INFO - Sync 1 DAGs
[2025-10-19T11:00:00.947+0000] {logging_mixin.py:188} INFO - [2025-10-19T11:00:00.947+0000] {dag.py:3947} INFO - Setting next_dagrun for weather_etl_dag to 2025-10-19 00:00:00+00:00, run_after=2025-10-20 00:00:00+00:00
[2025-10-19T11:00:00.956+0000] {processor.py:183} INFO - Processing /opt/airflow/dags/weather_etl_dag.py took 0.072 seconds
[2025-10-19T11:00:31.150+0000] {processor.py:161} INFO - Started process (PID=319) to work on /opt/airflow/dags/weather_etl_dag.py
[2025-10-19T11:00:31.151+0000] {processor.py:830} INFO - Processing file /opt/airflow/dags/weather_etl_dag.py for tasks to queue
[2025-10-19T11:00:31.153+0000] {logging_mixin.py:188} INFO - [2025-10-19T11:00:31.152+0000] {dagbag.py:545} INFO - Filling up the DagBag from /opt/airflow/dags/weather_etl_dag.py
[2025-10-19T11:00:31.162+0000] {processor.py:840} INFO - DAG(s) 'weather_etl_dag' retrieved from /opt/airflow/dags/weather_etl_dag.py
[2025-10-19T11:00:31.183+0000] {logging_mixin.py:188} INFO - [2025-10-19T11:00:31.183+0000] {dag.py:3089} INFO - Sync 1 DAGs
[2025-10-19T11:00:31.198+0000] {logging_mixin.py:188} INFO - [2025-10-19T11:00:31.198+0000] {dag.py:3947} INFO - Setting next_dagrun for weather_etl_dag to 2025-10-19 00:00:00+00:00, run_after=2025-10-20 00:00:00+00:00
[2025-10-19T11:00:31.205+0000] {processor.py:183} INFO - Processing /opt/airflow/dags/weather_etl_dag.py took 0.060 seconds
[2025-10-19T11:01:01.496+0000] {processor.py:161} INFO - Started process (PID=324) to work on /opt/airflow/dags/weather_etl_dag.py
[2025-10-19T11:01:01.500+0000] {processor.py:830} INFO - Processing file /opt/airflow/dags/weather_etl_dag.py for tasks to queue
[2025-10-19T11:01:01.504+0000] {logging_mixin.py:188} INFO - [2025-10-19T11:01:01.504+0000] {dagbag.py:545} INFO - Filling up the DagBag from /opt/airflow/dags/weather_etl_dag.py
[2025-10-19T11:01:01.527+0000] {processor.py:840} INFO - DAG(s) 'weather_etl_dag' retrieved from /opt/airflow/dags/weather_etl_dag.py
[2025-10-19T11:01:01.559+0000] {logging_mixin.py:188} INFO - [2025-10-19T11:01:01.559+0000] {dag.py:3089} INFO - Sync 1 DAGs
[2025-10-19T11:01:01.578+0000] {logging_mixin.py:188} INFO - [2025-10-19T11:01:01.578+0000] {dag.py:3947} INFO - Setting next_dagrun for weather_etl_dag to 2025-10-19 00:00:00+00:00, run_after=2025-10-20 00:00:00+00:00
[2025-10-19T11:01:01.587+0000] {processor.py:183} INFO - Processing /opt/airflow/dags/weather_etl_dag.py took 0.099 seconds
[2025-10-19T11:01:31.703+0000] {processor.py:161} INFO - Started process (PID=329) to work on /opt/airflow/dags/weather_etl_dag.py
[2025-10-19T11:01:31.705+0000] {processor.py:830} INFO - Processing file /opt/airflow/dags/weather_etl_dag.py for tasks to queue
[2025-10-19T11:01:31.708+0000] {logging_mixin.py:188} INFO - [2025-10-19T11:01:31.708+0000] {dagbag.py:545} INFO - Filling up the DagBag from /opt/airflow/dags/weather_etl_dag.py
[2025-10-19T11:01:31.721+0000] {processor.py:840} INFO - DAG(s) 'weather_etl_dag' retrieved from /opt/airflow/dags/weather_etl_dag.py
[2025-10-19T11:01:31.751+0000] {logging_mixin.py:188} INFO - [2025-10-19T11:01:31.751+0000] {dag.py:3089} INFO - Sync 1 DAGs
[2025-10-19T11:01:31.763+0000] {logging_mixin.py:188} INFO - [2025-10-19T11:01:31.762+0000] {dag.py:3947} INFO - Setting next_dagrun for weather_etl_dag to 2025-10-19 00:00:00+00:00, run_after=2025-10-20 00:00:00+00:00
[2025-10-19T11:01:31.770+0000] {processor.py:183} INFO - Processing /opt/airflow/dags/weather_etl_dag.py took 0.079 seconds
[2025-10-19T11:02:02.033+0000] {processor.py:161} INFO - Started process (PID=334) to work on /opt/airflow/dags/weather_etl_dag.py
[2025-10-19T11:02:02.039+0000] {processor.py:830} INFO - Processing file /opt/airflow/dags/weather_etl_dag.py for tasks to queue
[2025-10-19T11:02:02.041+0000] {logging_mixin.py:188} INFO - [2025-10-19T11:02:02.041+0000] {dagbag.py:545} INFO - Filling up the DagBag from /opt/airflow/dags/weather_etl_dag.py
[2025-10-19T11:02:02.065+0000] {processor.py:840} INFO - DAG(s) 'weather_etl_dag' retrieved from /opt/airflow/dags/weather_etl_dag.py
[2025-10-19T11:02:02.104+0000] {logging_mixin.py:188} INFO - [2025-10-19T11:02:02.104+0000] {dag.py:3089} INFO - Sync 1 DAGs
[2025-10-19T11:02:02.123+0000] {logging_mixin.py:188} INFO - [2025-10-19T11:02:02.123+0000] {dag.py:3947} INFO - Setting next_dagrun for weather_etl_dag to 2025-10-19 00:00:00+00:00, run_after=2025-10-20 00:00:00+00:00
[2025-10-19T11:02:02.136+0000] {processor.py:183} INFO - Processing /opt/airflow/dags/weather_etl_dag.py took 0.109 seconds
[2025-10-19T11:02:32.429+0000] {processor.py:161} INFO - Started process (PID=339) to work on /opt/airflow/dags/weather_etl_dag.py
[2025-10-19T11:02:32.430+0000] {processor.py:830} INFO - Processing file /opt/airflow/dags/weather_etl_dag.py for tasks to queue
[2025-10-19T11:02:32.439+0000] {logging_mixin.py:188} INFO - [2025-10-19T11:02:32.437+0000] {dagbag.py:545} INFO - Filling up the DagBag from /opt/airflow/dags/weather_etl_dag.py
[2025-10-19T11:02:32.459+0000] {processor.py:840} INFO - DAG(s) 'weather_etl_dag' retrieved from /opt/airflow/dags/weather_etl_dag.py
[2025-10-19T11:02:32.508+0000] {logging_mixin.py:188} INFO - [2025-10-19T11:02:32.508+0000] {dag.py:3089} INFO - Sync 1 DAGs
[2025-10-19T11:02:32.535+0000] {logging_mixin.py:188} INFO - [2025-10-19T11:02:32.535+0000] {dag.py:3947} INFO - Setting next_dagrun for weather_etl_dag to 2025-10-19 00:00:00+00:00, run_after=2025-10-20 00:00:00+00:00
[2025-10-19T11:02:32.545+0000] {processor.py:183} INFO - Processing /opt/airflow/dags/weather_etl_dag.py took 0.123 seconds
[2025-10-19T11:03:02.655+0000] {processor.py:161} INFO - Started process (PID=344) to work on /opt/airflow/dags/weather_etl_dag.py
[2025-10-19T11:03:02.656+0000] {processor.py:830} INFO - Processing file /opt/airflow/dags/weather_etl_dag.py for tasks to queue
[2025-10-19T11:03:02.658+0000] {logging_mixin.py:188} INFO - [2025-10-19T11:03:02.658+0000] {dagbag.py:545} INFO - Filling up the DagBag from /opt/airflow/dags/weather_etl_dag.py
[2025-10-19T11:03:02.676+0000] {processor.py:840} INFO - DAG(s) 'weather_etl_dag' retrieved from /opt/airflow/dags/weather_etl_dag.py
[2025-10-19T11:03:02.719+0000] {logging_mixin.py:188} INFO - [2025-10-19T11:03:02.719+0000] {dag.py:3089} INFO - Sync 1 DAGs
[2025-10-19T11:03:02.742+0000] {logging_mixin.py:188} INFO - [2025-10-19T11:03:02.742+0000] {dag.py:3947} INFO - Setting next_dagrun for weather_etl_dag to 2025-10-19 00:00:00+00:00, run_after=2025-10-20 00:00:00+00:00
[2025-10-19T11:03:02.753+0000] {processor.py:183} INFO - Processing /opt/airflow/dags/weather_etl_dag.py took 0.108 seconds
[2025-10-19T11:03:33.087+0000] {processor.py:161} INFO - Started process (PID=349) to work on /opt/airflow/dags/weather_etl_dag.py
[2025-10-19T11:03:33.089+0000] {processor.py:830} INFO - Processing file /opt/airflow/dags/weather_etl_dag.py for tasks to queue
[2025-10-19T11:03:33.094+0000] {logging_mixin.py:188} INFO - [2025-10-19T11:03:33.093+0000] {dagbag.py:545} INFO - Filling up the DagBag from /opt/airflow/dags/weather_etl_dag.py
[2025-10-19T11:03:33.112+0000] {processor.py:840} INFO - DAG(s) 'weather_etl_dag' retrieved from /opt/airflow/dags/weather_etl_dag.py
[2025-10-19T11:03:33.138+0000] {logging_mixin.py:188} INFO - [2025-10-19T11:03:33.137+0000] {dag.py:3089} INFO - Sync 1 DAGs
[2025-10-19T11:03:33.156+0000] {logging_mixin.py:188} INFO - [2025-10-19T11:03:33.156+0000] {dag.py:3947} INFO - Setting next_dagrun for weather_etl_dag to 2025-10-19 00:00:00+00:00, run_after=2025-10-20 00:00:00+00:00
[2025-10-19T11:03:33.164+0000] {processor.py:183} INFO - Processing /opt/airflow/dags/weather_etl_dag.py took 0.100 seconds
[2025-10-19T11:04:03.344+0000] {processor.py:161} INFO - Started process (PID=354) to work on /opt/airflow/dags/weather_etl_dag.py
[2025-10-19T11:04:03.345+0000] {processor.py:830} INFO - Processing file /opt/airflow/dags/weather_etl_dag.py for tasks to queue
[2025-10-19T11:04:03.349+0000] {logging_mixin.py:188} INFO - [2025-10-19T11:04:03.348+0000] {dagbag.py:545} INFO - Filling up the DagBag from /opt/airflow/dags/weather_etl_dag.py
[2025-10-19T11:04:03.366+0000] {processor.py:840} INFO - DAG(s) 'weather_etl_dag' retrieved from /opt/airflow/dags/weather_etl_dag.py
[2025-10-19T11:04:03.390+0000] {logging_mixin.py:188} INFO - [2025-10-19T11:04:03.390+0000] {dag.py:3089} INFO - Sync 1 DAGs
[2025-10-19T11:04:03.403+0000] {logging_mixin.py:188} INFO - [2025-10-19T11:04:03.403+0000] {dag.py:3947} INFO - Setting next_dagrun for weather_etl_dag to 2025-10-19 00:00:00+00:00, run_after=2025-10-20 00:00:00+00:00
[2025-10-19T11:04:03.411+0000] {processor.py:183} INFO - Processing /opt/airflow/dags/weather_etl_dag.py took 0.080 seconds
[2025-10-19T11:04:33.653+0000] {processor.py:161} INFO - Started process (PID=359) to work on /opt/airflow/dags/weather_etl_dag.py
[2025-10-19T11:04:33.654+0000] {processor.py:830} INFO - Processing file /opt/airflow/dags/weather_etl_dag.py for tasks to queue
[2025-10-19T11:04:33.656+0000] {logging_mixin.py:188} INFO - [2025-10-19T11:04:33.656+0000] {dagbag.py:545} INFO - Filling up the DagBag from /opt/airflow/dags/weather_etl_dag.py
[2025-10-19T11:04:33.667+0000] {processor.py:840} INFO - DAG(s) 'weather_etl_dag' retrieved from /opt/airflow/dags/weather_etl_dag.py
[2025-10-19T11:04:33.684+0000] {logging_mixin.py:188} INFO - [2025-10-19T11:04:33.684+0000] {dag.py:3089} INFO - Sync 1 DAGs
[2025-10-19T11:04:33.696+0000] {logging_mixin.py:188} INFO - [2025-10-19T11:04:33.696+0000] {dag.py:3947} INFO - Setting next_dagrun for weather_etl_dag to 2025-10-19 00:00:00+00:00, run_after=2025-10-20 00:00:00+00:00
[2025-10-19T11:04:33.703+0000] {processor.py:183} INFO - Processing /opt/airflow/dags/weather_etl_dag.py took 0.056 seconds
[2025-10-19T11:05:03.944+0000] {processor.py:161} INFO - Started process (PID=364) to work on /opt/airflow/dags/weather_etl_dag.py
[2025-10-19T11:05:03.946+0000] {processor.py:830} INFO - Processing file /opt/airflow/dags/weather_etl_dag.py for tasks to queue
[2025-10-19T11:05:03.948+0000] {logging_mixin.py:188} INFO - [2025-10-19T11:05:03.948+0000] {dagbag.py:545} INFO - Filling up the DagBag from /opt/airflow/dags/weather_etl_dag.py
[2025-10-19T11:05:03.961+0000] {processor.py:840} INFO - DAG(s) 'weather_etl_dag' retrieved from /opt/airflow/dags/weather_etl_dag.py
[2025-10-19T11:05:03.999+0000] {logging_mixin.py:188} INFO - [2025-10-19T11:05:03.998+0000] {dag.py:3089} INFO - Sync 1 DAGs
[2025-10-19T11:05:04.015+0000] {logging_mixin.py:188} INFO - [2025-10-19T11:05:04.015+0000] {dag.py:3947} INFO - Setting next_dagrun for weather_etl_dag to 2025-10-19 00:00:00+00:00, run_after=2025-10-20 00:00:00+00:00
[2025-10-19T11:05:04.027+0000] {processor.py:183} INFO - Processing /opt/airflow/dags/weather_etl_dag.py took 0.089 seconds
[2025-10-19T11:05:34.193+0000] {processor.py:161} INFO - Started process (PID=369) to work on /opt/airflow/dags/weather_etl_dag.py
[2025-10-19T11:05:34.195+0000] {processor.py:830} INFO - Processing file /opt/airflow/dags/weather_etl_dag.py for tasks to queue
[2025-10-19T11:05:34.201+0000] {logging_mixin.py:188} INFO - [2025-10-19T11:05:34.201+0000] {dagbag.py:545} INFO - Filling up the DagBag from /opt/airflow/dags/weather_etl_dag.py
[2025-10-19T11:05:34.223+0000] {processor.py:840} INFO - DAG(s) 'weather_etl_dag' retrieved from /opt/airflow/dags/weather_etl_dag.py
[2025-10-19T11:05:34.249+0000] {logging_mixin.py:188} INFO - [2025-10-19T11:05:34.249+0000] {dag.py:3089} INFO - Sync 1 DAGs
[2025-10-19T11:05:34.267+0000] {logging_mixin.py:188} INFO - [2025-10-19T11:05:34.267+0000] {dag.py:3947} INFO - Setting next_dagrun for weather_etl_dag to 2025-10-19 00:00:00+00:00, run_after=2025-10-20 00:00:00+00:00
[2025-10-19T11:05:34.276+0000] {processor.py:183} INFO - Processing /opt/airflow/dags/weather_etl_dag.py took 0.092 seconds
[2025-10-19T11:06:04.474+0000] {processor.py:161} INFO - Started process (PID=374) to work on /opt/airflow/dags/weather_etl_dag.py
[2025-10-19T11:06:04.476+0000] {processor.py:830} INFO - Processing file /opt/airflow/dags/weather_etl_dag.py for tasks to queue
[2025-10-19T11:06:04.478+0000] {logging_mixin.py:188} INFO - [2025-10-19T11:06:04.477+0000] {dagbag.py:545} INFO - Filling up the DagBag from /opt/airflow/dags/weather_etl_dag.py
[2025-10-19T11:06:04.503+0000] {processor.py:840} INFO - DAG(s) 'weather_etl_dag' retrieved from /opt/airflow/dags/weather_etl_dag.py
[2025-10-19T11:06:04.537+0000] {logging_mixin.py:188} INFO - [2025-10-19T11:06:04.536+0000] {dag.py:3089} INFO - Sync 1 DAGs
[2025-10-19T11:06:04.551+0000] {logging_mixin.py:188} INFO - [2025-10-19T11:06:04.550+0000] {dag.py:3947} INFO - Setting next_dagrun for weather_etl_dag to 2025-10-19 00:00:00+00:00, run_after=2025-10-20 00:00:00+00:00
[2025-10-19T11:06:04.559+0000] {processor.py:183} INFO - Processing /opt/airflow/dags/weather_etl_dag.py took 0.093 seconds
[2025-10-19T11:06:34.773+0000] {processor.py:161} INFO - Started process (PID=379) to work on /opt/airflow/dags/weather_etl_dag.py
[2025-10-19T11:06:34.775+0000] {processor.py:830} INFO - Processing file /opt/airflow/dags/weather_etl_dag.py for tasks to queue
[2025-10-19T11:06:34.778+0000] {logging_mixin.py:188} INFO - [2025-10-19T11:06:34.778+0000] {dagbag.py:545} INFO - Filling up the DagBag from /opt/airflow/dags/weather_etl_dag.py
[2025-10-19T11:06:34.799+0000] {processor.py:840} INFO - DAG(s) 'weather_etl_dag' retrieved from /opt/airflow/dags/weather_etl_dag.py
[2025-10-19T11:06:34.826+0000] {logging_mixin.py:188} INFO - [2025-10-19T11:06:34.825+0000] {dag.py:3089} INFO - Sync 1 DAGs
[2025-10-19T11:06:34.841+0000] {logging_mixin.py:188} INFO - [2025-10-19T11:06:34.841+0000] {dag.py:3947} INFO - Setting next_dagrun for weather_etl_dag to 2025-10-19 00:00:00+00:00, run_after=2025-10-20 00:00:00+00:00
[2025-10-19T11:06:34.849+0000] {processor.py:183} INFO - Processing /opt/airflow/dags/weather_etl_dag.py took 0.083 seconds
[2025-10-19T11:07:05.118+0000] {processor.py:161} INFO - Started process (PID=384) to work on /opt/airflow/dags/weather_etl_dag.py
[2025-10-19T11:07:05.119+0000] {processor.py:830} INFO - Processing file /opt/airflow/dags/weather_etl_dag.py for tasks to queue
[2025-10-19T11:07:05.122+0000] {logging_mixin.py:188} INFO - [2025-10-19T11:07:05.121+0000] {dagbag.py:545} INFO - Filling up the DagBag from /opt/airflow/dags/weather_etl_dag.py
[2025-10-19T11:07:05.135+0000] {processor.py:840} INFO - DAG(s) 'weather_etl_dag' retrieved from /opt/airflow/dags/weather_etl_dag.py
[2025-10-19T11:07:05.158+0000] {logging_mixin.py:188} INFO - [2025-10-19T11:07:05.158+0000] {dag.py:3089} INFO - Sync 1 DAGs
[2025-10-19T11:07:05.171+0000] {logging_mixin.py:188} INFO - [2025-10-19T11:07:05.171+0000] {dag.py:3947} INFO - Setting next_dagrun for weather_etl_dag to 2025-10-19 00:00:00+00:00, run_after=2025-10-20 00:00:00+00:00
[2025-10-19T11:07:05.179+0000] {processor.py:183} INFO - Processing /opt/airflow/dags/weather_etl_dag.py took 0.068 seconds
[2025-10-19T11:07:35.456+0000] {processor.py:161} INFO - Started process (PID=389) to work on /opt/airflow/dags/weather_etl_dag.py
[2025-10-19T11:07:35.457+0000] {processor.py:830} INFO - Processing file /opt/airflow/dags/weather_etl_dag.py for tasks to queue
[2025-10-19T11:07:35.460+0000] {logging_mixin.py:188} INFO - [2025-10-19T11:07:35.459+0000] {dagbag.py:545} INFO - Filling up the DagBag from /opt/airflow/dags/weather_etl_dag.py
[2025-10-19T11:07:35.476+0000] {processor.py:840} INFO - DAG(s) 'weather_etl_dag' retrieved from /opt/airflow/dags/weather_etl_dag.py
[2025-10-19T11:07:35.500+0000] {logging_mixin.py:188} INFO - [2025-10-19T11:07:35.500+0000] {dag.py:3089} INFO - Sync 1 DAGs
[2025-10-19T11:07:35.513+0000] {logging_mixin.py:188} INFO - [2025-10-19T11:07:35.513+0000] {dag.py:3947} INFO - Setting next_dagrun for weather_etl_dag to 2025-10-19 00:00:00+00:00, run_after=2025-10-20 00:00:00+00:00
[2025-10-19T11:07:35.521+0000] {processor.py:183} INFO - Processing /opt/airflow/dags/weather_etl_dag.py took 0.078 seconds
