[2025-10-19T10:16:04.929+0000] {manager.py:470} INFO - Processing files using up to 2 processes at a time 
[2025-10-19T10:16:04.931+0000] {manager.py:471} INFO - Process each file at most once every 30 seconds
[2025-10-19T10:16:04.931+0000] {manager.py:472} INFO - Checking for new files in /opt/airflow/dags every 300 seconds
[2025-10-19T10:16:04.931+0000] {manager.py:737} INFO - Searching for files in /opt/airflow/dags
[2025-10-19T10:16:04.932+0000] {manager.py:740} INFO - There are 0 files in /opt/airflow/dags
[2025-10-19T10:20:39.842+0000] {manager.py:470} INFO - Processing files using up to 2 processes at a time 
[2025-10-19T10:20:39.843+0000] {manager.py:471} INFO - Process each file at most once every 30 seconds
[2025-10-19T10:20:39.848+0000] {manager.py:472} INFO - Checking for new files in /opt/airflow/dags every 300 seconds
[2025-10-19T10:20:39.848+0000] {manager.py:737} INFO - Searching for files in /opt/airflow/dags
[2025-10-19T10:20:39.850+0000] {manager.py:740} INFO - There are 1 files in /opt/airflow/dags
[2025-10-19T10:20:39.907+0000] {manager.py:878} INFO - 
================================================================================
DAG File Processing Stats

File Path                               PID  Runtime      # DAGs    # Errors  Last Runtime    Last Run
------------------------------------  -----  ---------  --------  ----------  --------------  ----------
/opt/airflow/dags/weather_etl_dag.py    166  0.03s             0           0
================================================================================
[2025-10-19T10:21:10.128+0000] {manager.py:878} INFO - 
================================================================================
DAG File Processing Stats

File Path                               PID  Runtime      # DAGs    # Errors  Last Runtime    Last Run
------------------------------------  -----  ---------  --------  ----------  --------------  -------------------
/opt/airflow/dags/weather_etl_dag.py    201  0.02s             1           0  0.08s           2025-10-19T10:20:39
================================================================================
[2025-10-19T10:21:40.397+0000] {manager.py:878} INFO - 
================================================================================
DAG File Processing Stats

File Path                               PID  Runtime      # DAGs    # Errors  Last Runtime    Last Run
------------------------------------  -----  ---------  --------  ----------  --------------  -------------------
/opt/airflow/dags/weather_etl_dag.py    218  0.04s             1           0  0.17s           2025-10-19T10:21:10
================================================================================
[2025-10-19T10:22:10.759+0000] {manager.py:878} INFO - 
================================================================================
DAG File Processing Stats

File Path                               PID  Runtime      # DAGs    # Errors  Last Runtime    Last Run
------------------------------------  -----  ---------  --------  ----------  --------------  -------------------
/opt/airflow/dags/weather_etl_dag.py    223  0.02s             1           0  0.14s           2025-10-19T10:21:40
================================================================================
[2025-10-19T10:22:40.998+0000] {manager.py:878} INFO - 
================================================================================
DAG File Processing Stats

File Path                               PID  Runtime      # DAGs    # Errors  Last Runtime    Last Run
------------------------------------  -----  ---------  --------  ----------  --------------  -------------------
/opt/airflow/dags/weather_etl_dag.py    228  0.02s             1           0  0.13s           2025-10-19T10:22:10
================================================================================
[2025-10-19T10:23:11.334+0000] {manager.py:878} INFO - 
================================================================================
DAG File Processing Stats

File Path                               PID  Runtime      # DAGs    # Errors  Last Runtime    Last Run
------------------------------------  -----  ---------  --------  ----------  --------------  -------------------
/opt/airflow/dags/weather_etl_dag.py    240  0.03s             1           0  0.16s           2025-10-19T10:22:41
================================================================================
[2025-10-19T10:23:41.658+0000] {manager.py:878} INFO - 
================================================================================
DAG File Processing Stats

File Path                               PID  Runtime      # DAGs    # Errors  Last Runtime    Last Run
------------------------------------  -----  ---------  --------  ----------  --------------  -------------------
/opt/airflow/dags/weather_etl_dag.py    245  0.03s             1           0  0.16s           2025-10-19T10:23:11
================================================================================
[2025-10-19T10:24:11.997+0000] {manager.py:878} INFO - 
================================================================================
DAG File Processing Stats

File Path                               PID  Runtime      # DAGs    # Errors  Last Runtime    Last Run
------------------------------------  -----  ---------  --------  ----------  --------------  -------------------
/opt/airflow/dags/weather_etl_dag.py    260  0.02s             1           0  0.12s           2025-10-19T10:23:41
================================================================================
[2025-10-19T10:24:42.392+0000] {manager.py:878} INFO - 
================================================================================
DAG File Processing Stats

File Path                               PID  Runtime      # DAGs    # Errors  Last Runtime    Last Run
------------------------------------  -----  ---------  --------  ----------  --------------  -------------------
/opt/airflow/dags/weather_etl_dag.py    265  0.03s             1           0  0.16s           2025-10-19T10:24:12
================================================================================
[2025-10-19T10:25:12.664+0000] {manager.py:878} INFO - 
================================================================================
DAG File Processing Stats

File Path                               PID  Runtime      # DAGs    # Errors  Last Runtime    Last Run
------------------------------------  -----  ---------  --------  ----------  --------------  -------------------
/opt/airflow/dags/weather_etl_dag.py    270  0.02s             1           0  0.15s           2025-10-19T10:24:42
================================================================================
[2025-10-19T10:25:39.909+0000] {manager.py:737} INFO - Searching for files in /opt/airflow/dags
[2025-10-19T10:25:39.918+0000] {manager.py:740} INFO - There are 1 files in /opt/airflow/dags
[2025-10-19T10:25:43.058+0000] {manager.py:878} INFO - 
================================================================================
DAG File Processing Stats

File Path                               PID  Runtime      # DAGs    # Errors  Last Runtime    Last Run
------------------------------------  -----  ---------  --------  ----------  --------------  -------------------
/opt/airflow/dags/weather_etl_dag.py    275  0.05s             1           0  0.12s           2025-10-19T10:25:12
================================================================================
[2025-10-19T10:27:10.367+0000] {manager.py:470} INFO - Processing files using up to 2 processes at a time 
[2025-10-19T10:27:10.369+0000] {manager.py:471} INFO - Process each file at most once every 30 seconds
[2025-10-19T10:27:10.370+0000] {manager.py:472} INFO - Checking for new files in /opt/airflow/dags every 300 seconds
[2025-10-19T10:27:10.371+0000] {manager.py:737} INFO - Searching for files in /opt/airflow/dags
[2025-10-19T10:27:10.383+0000] {manager.py:740} INFO - There are 1 files in /opt/airflow/dags
[2025-10-19T10:27:10.455+0000] {manager.py:878} INFO - 
================================================================================
DAG File Processing Stats

File Path                               PID  Runtime      # DAGs    # Errors  Last Runtime    Last Run
------------------------------------  -----  ---------  --------  ----------  --------------  ----------
/opt/airflow/dags/weather_etl_dag.py    220  0.03s             0           0
================================================================================
[2025-10-19T10:27:40.709+0000] {manager.py:878} INFO - 
================================================================================
DAG File Processing Stats

File Path                               PID  Runtime      # DAGs    # Errors  Last Runtime    Last Run
------------------------------------  -----  ---------  --------  ----------  --------------  -------------------
/opt/airflow/dags/weather_etl_dag.py    244  0.02s             1           0  0.10s           2025-10-19T10:27:10
================================================================================
[2025-10-19T10:28:10.989+0000] {manager.py:878} INFO - 
================================================================================
DAG File Processing Stats

File Path                               PID  Runtime      # DAGs    # Errors  Last Runtime    Last Run
------------------------------------  -----  ---------  --------  ----------  --------------  -------------------
/opt/airflow/dags/weather_etl_dag.py    249  0.02s             1           0  0.19s           2025-10-19T10:27:40
================================================================================
[2025-10-19T10:28:41.413+0000] {manager.py:878} INFO - 
================================================================================
DAG File Processing Stats

File Path                               PID  Runtime      # DAGs    # Errors  Last Runtime    Last Run
------------------------------------  -----  ---------  --------  ----------  --------------  -------------------
/opt/airflow/dags/weather_etl_dag.py    254  0.02s             1           0  0.22s           2025-10-19T10:28:11
================================================================================
[2025-10-19T10:29:11.772+0000] {manager.py:878} INFO - 
================================================================================
DAG File Processing Stats

File Path                               PID  Runtime      # DAGs    # Errors  Last Runtime    Last Run
------------------------------------  -----  ---------  --------  ----------  --------------  -------------------
/opt/airflow/dags/weather_etl_dag.py    259  0.04s             1           0  0.15s           2025-10-19T10:28:41
================================================================================
[2025-10-19T10:29:42.103+0000] {manager.py:878} INFO - 
================================================================================
DAG File Processing Stats

File Path                               PID  Runtime      # DAGs    # Errors  Last Runtime    Last Run
------------------------------------  -----  ---------  --------  ----------  --------------  -------------------
/opt/airflow/dags/weather_etl_dag.py    264  0.03s             1           0  0.20s           2025-10-19T10:29:11
================================================================================
[2025-10-19T10:30:12.410+0000] {manager.py:878} INFO - 
================================================================================
DAG File Processing Stats

File Path                               PID  Runtime      # DAGs    # Errors  Last Runtime    Last Run
------------------------------------  -----  ---------  --------  ----------  --------------  -------------------
/opt/airflow/dags/weather_etl_dag.py    269  0.02s             1           0  0.14s           2025-10-19T10:29:42
================================================================================
[2025-10-19T10:30:42.733+0000] {manager.py:878} INFO - 
================================================================================
DAG File Processing Stats

File Path                               PID  Runtime      # DAGs    # Errors  Last Runtime    Last Run
------------------------------------  -----  ---------  --------  ----------  --------------  -------------------
/opt/airflow/dags/weather_etl_dag.py    274  0.03s             1           0  0.13s           2025-10-19T10:30:12
================================================================================
[2025-10-19T10:31:13.058+0000] {manager.py:878} INFO - 
================================================================================
DAG File Processing Stats

File Path                               PID  Runtime      # DAGs    # Errors  Last Runtime    Last Run
------------------------------------  -----  ---------  --------  ----------  --------------  -------------------
/opt/airflow/dags/weather_etl_dag.py    279  0.02s             1           0  0.13s           2025-10-19T10:30:42
================================================================================
[2025-10-19T10:31:43.482+0000] {manager.py:878} INFO - 
================================================================================
DAG File Processing Stats

File Path                               PID  Runtime      # DAGs    # Errors  Last Runtime    Last Run
------------------------------------  -----  ---------  --------  ----------  --------------  -------------------
/opt/airflow/dags/weather_etl_dag.py    284  0.03s             1           0  0.13s           2025-10-19T10:31:13
================================================================================
[2025-10-19T10:32:10.781+0000] {manager.py:737} INFO - Searching for files in /opt/airflow/dags
[2025-10-19T10:32:10.793+0000] {manager.py:740} INFO - There are 1 files in /opt/airflow/dags
[2025-10-19T10:32:13.861+0000] {manager.py:878} INFO - 
================================================================================
DAG File Processing Stats

File Path                               PID  Runtime      # DAGs    # Errors  Last Runtime    Last Run
------------------------------------  -----  ---------  --------  ----------  --------------  -------------------
/opt/airflow/dags/weather_etl_dag.py    289  0.02s             1           0  0.19s           2025-10-19T10:31:43
================================================================================
[2025-10-19T10:32:44.141+0000] {manager.py:878} INFO - 
================================================================================
DAG File Processing Stats

File Path                               PID  Runtime      # DAGs    # Errors  Last Runtime    Last Run
------------------------------------  -----  ---------  --------  ----------  --------------  -------------------
/opt/airflow/dags/weather_etl_dag.py    294  0.02s             1           0  0.14s           2025-10-19T10:32:13
================================================================================
[2025-10-19T10:33:14.750+0000] {manager.py:878} INFO - 
================================================================================
DAG File Processing Stats

File Path                               PID  Runtime      # DAGs    # Errors  Last Runtime    Last Run
------------------------------------  -----  ---------  --------  ----------  --------------  -------------------
/opt/airflow/dags/weather_etl_dag.py    299  0.04s             1           0  0.12s           2025-10-19T10:32:44
================================================================================
[2025-10-19T10:59:00.211+0000] {manager.py:737} INFO - Searching for files in /opt/airflow/dags
[2025-10-19T10:59:00.224+0000] {manager.py:740} INFO - There are 1 files in /opt/airflow/dags
[2025-10-19T10:59:10.340+0000] {manager.py:878} INFO - 
================================================================================
DAG File Processing Stats

File Path                             PID    Runtime      # DAGs    # Errors  Last Runtime    Last Run
------------------------------------  -----  ---------  --------  ----------  --------------  -------------------
/opt/airflow/dags/weather_etl_dag.py                           1           0  0.13s           2025-10-19T10:59:00
================================================================================
[2025-10-19T10:59:40.669+0000] {manager.py:878} INFO - 
================================================================================
DAG File Processing Stats

File Path                             PID    Runtime      # DAGs    # Errors  Last Runtime    Last Run
------------------------------------  -----  ---------  --------  ----------  --------------  -------------------
/opt/airflow/dags/weather_etl_dag.py                           1           0  0.13s           2025-10-19T10:59:30
================================================================================
[2025-10-19T11:00:10.959+0000] {manager.py:878} INFO - 
================================================================================
DAG File Processing Stats

File Path                             PID    Runtime      # DAGs    # Errors  Last Runtime    Last Run
------------------------------------  -----  ---------  --------  ----------  --------------  -------------------
/opt/airflow/dags/weather_etl_dag.py                           1           0  0.10s           2025-10-19T11:00:00
================================================================================
[2025-10-19T11:00:41.277+0000] {manager.py:878} INFO - 
================================================================================
DAG File Processing Stats

File Path                             PID    Runtime      # DAGs    # Errors  Last Runtime    Last Run
------------------------------------  -----  ---------  --------  ----------  --------------  -------------------
/opt/airflow/dags/weather_etl_dag.py                           1           0  0.08s           2025-10-19T11:00:31
================================================================================
[2025-10-19T11:01:11.547+0000] {manager.py:878} INFO - 
================================================================================
DAG File Processing Stats

File Path                             PID    Runtime      # DAGs    # Errors  Last Runtime    Last Run
------------------------------------  -----  ---------  --------  ----------  --------------  -------------------
/opt/airflow/dags/weather_etl_dag.py                           1           0  0.15s           2025-10-19T11:01:01
================================================================================
[2025-10-19T11:01:41.809+0000] {manager.py:878} INFO - 
================================================================================
DAG File Processing Stats

File Path                             PID    Runtime      # DAGs    # Errors  Last Runtime    Last Run
------------------------------------  -----  ---------  --------  ----------  --------------  -------------------
/opt/airflow/dags/weather_etl_dag.py                           1           0  0.10s           2025-10-19T11:01:31
================================================================================
[2025-10-19T11:02:12.103+0000] {manager.py:878} INFO - 
================================================================================
DAG File Processing Stats

File Path                             PID    Runtime      # DAGs    # Errors  Last Runtime    Last Run
------------------------------------  -----  ---------  --------  ----------  --------------  -------------------
/opt/airflow/dags/weather_etl_dag.py                           1           0  0.16s           2025-10-19T11:02:02
================================================================================
[2025-10-19T11:02:42.484+0000] {manager.py:878} INFO - 
================================================================================
DAG File Processing Stats

File Path                             PID    Runtime      # DAGs    # Errors  Last Runtime    Last Run
------------------------------------  -----  ---------  --------  ----------  --------------  -------------------
/opt/airflow/dags/weather_etl_dag.py                           1           0  0.15s           2025-10-19T11:02:32
================================================================================
[2025-10-19T11:03:12.829+0000] {manager.py:878} INFO - 
================================================================================
DAG File Processing Stats

File Path                             PID    Runtime      # DAGs    # Errors  Last Runtime    Last Run
------------------------------------  -----  ---------  --------  ----------  --------------  -------------------
/opt/airflow/dags/weather_etl_dag.py                           1           0  0.13s           2025-10-19T11:03:02
================================================================================
[2025-10-19T11:03:43.130+0000] {manager.py:878} INFO - 
================================================================================
DAG File Processing Stats

File Path                             PID    Runtime      # DAGs    # Errors  Last Runtime    Last Run
------------------------------------  -----  ---------  --------  ----------  --------------  -------------------
/opt/airflow/dags/weather_etl_dag.py                           1           0  0.14s           2025-10-19T11:03:33
================================================================================
[2025-10-19T11:04:00.260+0000] {manager.py:737} INFO - Searching for files in /opt/airflow/dags
[2025-10-19T11:04:00.269+0000] {manager.py:740} INFO - There are 1 files in /opt/airflow/dags
[2025-10-19T11:04:13.464+0000] {manager.py:878} INFO - 
================================================================================
DAG File Processing Stats

File Path                             PID    Runtime      # DAGs    # Errors  Last Runtime    Last Run
------------------------------------  -----  ---------  --------  ----------  --------------  -------------------
/opt/airflow/dags/weather_etl_dag.py                           1           0  0.11s           2025-10-19T11:04:03
================================================================================
[2025-10-19T11:04:43.733+0000] {manager.py:878} INFO - 
================================================================================
DAG File Processing Stats

File Path                             PID    Runtime      # DAGs    # Errors  Last Runtime    Last Run
------------------------------------  -----  ---------  --------  ----------  --------------  -------------------
/opt/airflow/dags/weather_etl_dag.py                           1           0  0.08s           2025-10-19T11:04:33
================================================================================
[2025-10-19T11:05:14.014+0000] {manager.py:878} INFO - 
================================================================================
DAG File Processing Stats

File Path                             PID    Runtime      # DAGs    # Errors  Last Runtime    Last Run
------------------------------------  -----  ---------  --------  ----------  --------------  -------------------
/opt/airflow/dags/weather_etl_dag.py                           1           0  0.11s           2025-10-19T11:05:04
================================================================================
[2025-10-19T11:05:44.269+0000] {manager.py:878} INFO - 
================================================================================
DAG File Processing Stats

File Path                             PID    Runtime      # DAGs    # Errors  Last Runtime    Last Run
------------------------------------  -----  ---------  --------  ----------  --------------  -------------------
/opt/airflow/dags/weather_etl_dag.py                           1           0  0.12s           2025-10-19T11:05:34
================================================================================
[2025-10-19T11:06:14.548+0000] {manager.py:878} INFO - 
================================================================================
DAG File Processing Stats

File Path                             PID    Runtime      # DAGs    # Errors  Last Runtime    Last Run
------------------------------------  -----  ---------  --------  ----------  --------------  -------------------
/opt/airflow/dags/weather_etl_dag.py                           1           0  0.12s           2025-10-19T11:06:04
================================================================================
[2025-10-19T11:06:44.896+0000] {manager.py:878} INFO - 
================================================================================
DAG File Processing Stats

File Path                             PID    Runtime      # DAGs    # Errors  Last Runtime    Last Run
------------------------------------  -----  ---------  --------  ----------  --------------  -------------------
/opt/airflow/dags/weather_etl_dag.py                           1           0  0.13s           2025-10-19T11:06:34
================================================================================
[2025-10-19T11:07:15.204+0000] {manager.py:878} INFO - 
================================================================================
DAG File Processing Stats

File Path                             PID    Runtime      # DAGs    # Errors  Last Runtime    Last Run
------------------------------------  -----  ---------  --------  ----------  --------------  -------------------
/opt/airflow/dags/weather_etl_dag.py                           1           0  0.10s           2025-10-19T11:07:05
================================================================================
[2025-10-19T11:07:45.537+0000] {manager.py:878} INFO - 
================================================================================
DAG File Processing Stats

File Path                             PID    Runtime      # DAGs    # Errors  Last Runtime    Last Run
------------------------------------  -----  ---------  --------  ----------  --------------  -------------------
/opt/airflow/dags/weather_etl_dag.py                           1           0  0.13s           2025-10-19T11:07:35
================================================================================
